// Jest Snapshot v1, https://goo.gl/fbAQLP

exports[`moviesList renders correctly 1`] = `
<div
  className="catalog__movies-list"
>
  <article
    className="small-movie-card catalog__movies-card"
    onMouseEnter={[Function]}
  >
    <div
      className="small-movie-card__image"
    >
      <video
        height={175}
        muted={true}
        poster="img/fantastic-beasts-the-crimes-of-grindelwald.jpg"
        src="https://download.blender.org/durian/trailer/sintel_trailer-480p.mp4"
        width={280}
      />
    </div>
    <h3
      className="small-movie-card__title"
      onClick={[MockFunction]}
    >
      <a
        className="small-movie-card__link"
        href="movie-page.html"
      >
        Fantastic Beasts: The Crimes of Grindelwald
      </a>
    </h3>
  </article>
  <article
    className="small-movie-card catalog__movies-card"
    onMouseEnter={[Function]}
  >
    <div
      className="small-movie-card__image"
    >
      <video
        height={175}
        muted={true}
        poster="img/bohemian-rhapsody.jpg"
        src="https://download.blender.org/durian/trailer/sintel_trailer-480p.mp4"
        width={280}
      />
    </div>
    <h3
      className="small-movie-card__title"
      onClick={[MockFunction]}
    >
      <a
        className="small-movie-card__link"
        href="movie-page.html"
      >
        Bohemian Rhapsody
      </a>
    </h3>
  </article>
  <article
    className="small-movie-card catalog__movies-card"
    onMouseEnter={[Function]}
  >
    <div
      className="small-movie-card__image"
    >
      <video
        height={175}
        muted={true}
        poster="img/macbeth.jpg"
        src="https://download.blender.org/durian/trailer/sintel_trailer-480p.mp4"
        width={280}
      />
    </div>
    <h3
      className="small-movie-card__title"
      onClick={[MockFunction]}
    >
      <a
        className="small-movie-card__link"
        href="movie-page.html"
      >
        Macbeth
      </a>
    </h3>
  </article>
  <article
    className="small-movie-card catalog__movies-card"
    onMouseEnter={[Function]}
  >
    <div
      className="small-movie-card__image"
    >
      <video
        height={175}
        muted={true}
        poster="img/aviator.jpg"
        src="https://download.blender.org/durian/trailer/sintel_trailer-480p.mp4"
        width={280}
      />
    </div>
    <h3
      className="small-movie-card__title"
      onClick={[MockFunction]}
    >
      <a
        className="small-movie-card__link"
        href="movie-page.html"
      >
        Aviator
      </a>
    </h3>
  </article>
  <article
    className="small-movie-card catalog__movies-card"
    onMouseEnter={[Function]}
  >
    <div
      className="small-movie-card__image"
    >
      <video
        height={175}
        muted={true}
        poster="img/we-need-to-talk-about-kevin.jpg"
        src="https://download.blender.org/durian/trailer/sintel_trailer-480p.mp4"
        width={280}
      />
    </div>
    <h3
      className="small-movie-card__title"
      onClick={[MockFunction]}
    >
      <a
        className="small-movie-card__link"
        href="movie-page.html"
      >
        We need to talk about Kevin
      </a>
    </h3>
  </article>
</div>
`;
