// Jest Snapshot v1, https://goo.gl/fbAQLP

exports[`VideoPlayer: Ð¡orrectly rendered after reload 1`] = `
<video
  height="175"
  muted={true}
  poster="poster"
  src="preview"
  width="280"
/>
`;
